apiVersion: v1
kind: Namespace
labels:
  SYNMonitoring: main
metadata:
  annotations: {}
  labels:
    name: syn-prometheus-pushgateway
  name: syn-prometheus-pushgateway
