apiVersion: rbac.authorization.k8s.io/v1
kind: Role
metadata:
  annotations: {}
  labels:
    name: prometheus-pushgateway-metrics
  name: prometheus-pushgateway-metrics
  namespace: syn-prometheus-pushgateway
rules:
  - apiGroups:
      - ''
    resources:
      - services
      - endpoints
      - pods
    verbs:
      - get
      - list
      - watch
---
apiVersion: rbac.authorization.k8s.io/v1
kind: RoleBinding
metadata:
  annotations: {}
  labels:
    name: prometheus-pushgateway-metrics
  name: prometheus-pushgateway-metrics
  namespace: syn-prometheus-pushgateway
roleRef:
  apiGroup: rbac.authorization.k8s.io
  kind: Role
  name: prometheus-pushgateway-metrics
subjects:
  - kind: ServiceAccount
    name: prometheus-k8s
    namespace: openshift-monitoring
