apiVersion: v1
automountServiceAccountToken: true
kind: ServiceAccount
metadata:
  labels:
    app.kubernetes.io/instance: platform
    app.kubernetes.io/managed-by: Helm
    app.kubernetes.io/name: prometheus-pushgateway
    app.kubernetes.io/version: v1.11.1
    helm.sh/chart: prometheus-pushgateway-3.4.1
  name: platform-prometheus-pushgateway
  namespace: syn-prometheus-pushgateway
