apiVersion: v1
kind: Service
metadata:
  annotations: {}
  labels:
    app: prometheus-pushgateway
    chart: prometheus-pushgateway-1.5.1
    heritage: Helm
    release: platform
  name: platform-prometheus-pushgateway
spec:
  ports:
    - name: http
      port: 9091
      protocol: TCP
      targetPort: 9091
  selector:
    app: prometheus-pushgateway
    release: platform
  type: ClusterIP
